// Jest Snapshot v1, https://goo.gl/fbAQLP

exports[`renders correctly 1`] = `
<View
  style={
    Object {
      "backgroundColor": "#fff",
      "flex": 1,
    }
  }
>
  <View
    accessible={true}
    collapsable={false}
    focusable={true}
    onBlur={[Function]}
    onClick={[Function]}
    onFocus={[Function]}
    onResponderGrant={[Function]}
    onResponderMove={[Function]}
    onResponderRelease={[Function]}
    onResponderTerminate={[Function]}
    onResponderTerminationRequest={[Function]}
    onStartShouldSetResponder={[Function]}
  >
    <View
      style={
        Array [
          Object {
            "alignItems": "flex-end",
            "backgroundColor": "#fff",
            "borderBottomColor": "#808080",
            "borderBottomWidth": 1,
            "height": 62,
            "justifyContent": "center",
          },
          Object {
            "flexDirection": "row",
          },
        ]
      }
    >
      <View
        style={
          Object {
            "flex": 4,
          }
        }
      >
        <Text />
      </View>
      <View
        style={
          Object {
            "alignItems": "center",
            "flex": 8,
            "justifyContent": "center",
          }
        }
      >
        <Text
          style={
            Object {
              "color": "#35baf6",
              "fontSize": 35,
              "fontWeight": "bold",
              "marginBottom": 10,
            }
          }
        >
          Edit item
        </Text>
      </View>
      <View
        style={
          Object {
            "alignItems": "center",
            "flex": 4,
            "justifyContent": "center",
            "marginBottom": 10,
          }
        }
      >
        <View
          accessible={true}
          collapsable={false}
          focusable={true}
          onClick={[Function]}
          onResponderGrant={[Function]}
          onResponderMove={[Function]}
          onResponderRelease={[Function]}
          onResponderTerminate={[Function]}
          onResponderTerminationRequest={[Function]}
          onStartShouldSetResponder={[Function]}
          style={
            Object {
              "alignItems": "center",
              "backgroundColor": "#FAB00E",
              "borderRadius": 5,
              "height": 30,
              "justifyContent": "center",
              "opacity": 1,
              "width": 65,
            }
          }
        >
          <Text
            style={
              Object {
                "color": "#fff",
                "fontSize": 18,
                "fontWeight": "500",
              }
            }
          >
            Cancel
          </Text>
        </View>
      </View>
    </View>
    <View
      style={
        Object {
          "borderBottomColor": "#E9E9E9",
          "borderTopColor": "#E9E9E9",
          "borderTopWidth": 1,
          "flexDirection": "row",
          "height": 48,
          "paddingBottom": 4,
          "paddingLeft": 4,
          "paddingTop": 4,
        }
      }
    >
      <View
        style={
          Object {
            "flex": 20,
            "justifyContent": "center",
            "paddingLeft": 12,
          }
        }
      >
        <Text
          style={
            Object {
              "color": "#494949",
              "fontSize": 19,
              "fontWeight": "500",
            }
          }
        >
          Type
        </Text>
      </View>
      <View
        style={
          Object {
            "alignItems": "center",
            "borderBottomColor": "#FAB00E",
            "flex": 80,
            "justifyContent": "center",
          }
        }
      >
        <View
          style={
            Object {
              "alignItems": "center",
              "backgroundColor": "#fdddcf",
              "borderRadius": 20,
              "height": 34,
              "justifyContent": "center",
              "width": 210,
            }
          }
        >
          <Text
            style={
              Object {
                "color": "#ef5011",
                "fontSize": 18,
                "fontWeight": "500",
              }
            }
          >
            Expense
          </Text>
        </View>
      </View>
    </View>
    <View
      style={
        Object {
          "borderBottomColor": "#E9E9E9",
          "borderTopColor": "#E9E9E9",
          "borderTopWidth": 1,
          "flexDirection": "row",
          "height": 48,
          "paddingBottom": 7,
          "paddingLeft": 4,
          "paddingTop": 7,
        }
      }
    >
      <View
        style={
          Object {
            "flex": 20,
            "justifyContent": "center",
            "paddingLeft": 12,
          }
        }
      >
        <Text
          style={
            Object {
              "color": "#494949",
              "fontSize": 19,
              "fontWeight": "500",
            }
          }
        >
          Date
        </Text>
      </View>
      <View
        style={
          Object {
            "alignItems": "center",
            "flex": 15,
            "justifyContent": "center",
          }
        }
      >
        <View
          accessible={true}
          collapsable={false}
          focusable={true}
          onClick={[Function]}
          onResponderGrant={[Function]}
          onResponderMove={[Function]}
          onResponderRelease={[Function]}
          onResponderTerminate={[Function]}
          onResponderTerminationRequest={[Function]}
          onStartShouldSetResponder={[Function]}
          style={
            Object {
              "opacity": 1,
              "position": "absolute",
            }
          }
        >
          <Text />
        </View>
      </View>
      <View
        style={
          Object {
            "alignItems": "center",
            "backgroundColor": "#cce9f6",
            "borderRadius": 10,
            "flex": 55,
            "justifyContent": "center",
          }
        }
      >
        <View
          accessible={true}
          collapsable={false}
          focusable={true}
          onClick={[Function]}
          onResponderGrant={[Function]}
          onResponderMove={[Function]}
          onResponderRelease={[Function]}
          onResponderTerminate={[Function]}
          onResponderTerminationRequest={[Function]}
          onStartShouldSetResponder={[Function]}
          style={
            Object {
              "opacity": 1,
            }
          }
        >
          <View>
            <Text
              style={
                Object {
                  "color": "#494949",
                  "fontSize": 19,
                  "fontWeight": "500",
                }
              }
            >
              July 20th, 2022
            </Text>
          </View>
        </View>
      </View>
      <View
        style={
          Object {
            "alignItems": "center",
            "flex": 15,
            "justifyContent": "center",
          }
        }
      >
        <View
          accessible={true}
          collapsable={false}
          focusable={true}
          onClick={[Function]}
          onResponderGrant={[Function]}
          onResponderMove={[Function]}
          onResponderRelease={[Function]}
          onResponderTerminate={[Function]}
          onResponderTerminationRequest={[Function]}
          onStartShouldSetResponder={[Function]}
          style={
            Object {
              "opacity": 1,
              "position": "absolute",
            }
          }
        >
          <Text />
        </View>
      </View>
    </View>
    <Modal
      animationType="fade"
      hardwareAccelerated={false}
      style={
        Object {
          "backgroundColor": "#fff",
        }
      }
      transparent={true}
      visible={false}
    />
    <View
      style={
        Object {
          "borderBottomColor": "#E9E9E9",
          "borderTopColor": "#E9E9E9",
          "borderTopWidth": 1,
          "flexDirection": "row",
          "height": 48,
          "paddingBottom": 7,
          "paddingLeft": 4,
          "paddingTop": 7,
        }
      }
    >
      <View
        style={
          Object {
            "flex": 30,
            "justifyContent": "center",
            "paddingLeft": 12,
          }
        }
      >
        <Text
          style={
            Object {
              "color": "#494949",
              "fontSize": 19,
              "fontWeight": "500",
            }
          }
        >
          Expense
        </Text>
      </View>
      <View
        style={
          Object {
            "flex": 5,
          }
        }
      />
      <View
        style={
          Object {
            "alignItems": "center",
            "backgroundColor": "#cce9f6",
            "borderRadius": 10,
            "flex": 55,
            "justifyContent": "center",
          }
        }
      >
        <TextInput
          keyboardType="decimal-pad"
          maxLength={16}
          onChangeText={[Function]}
          placeholder="0.00"
          placeholderTextColor="#ADD8E6"
          style={
            Array [
              Object {
                "backgroundColor": "#cce9f6",
                "borderColor": "#35baf6",
                "borderRadius": 10,
                "color": "#494949",
                "fontSize": 20,
                "fontWeight": "600",
                "paddingRight": 12,
                "width": 200,
              },
              Object {
                "textAlign": "right",
              },
            ]
          }
          value=""
        />
      </View>
      <View
        style={
          Object {
            "alignItems": "center",
            "flex": 15,
            "justifyContent": "center",
          }
        }
      >
        <Text />
      </View>
    </View>
    <View
      style={
        Object {
          "borderBottomColor": "#E9E9E9",
          "borderTopColor": "#E9E9E9",
          "borderTopWidth": 1,
          "flexDirection": "row",
          "height": 48,
          "paddingBottom": 4,
          "paddingLeft": 4,
          "paddingTop": 4,
        }
      }
    >
      <View
        style={
          Object {
            "flex": 20,
            "justifyContent": "center",
            "paddingLeft": 12,
          }
        }
      >
        <Text
          style={
            Object {
              "color": "#494949",
              "fontSize": 19,
              "fontWeight": "500",
            }
          }
        >
          Note
        </Text>
      </View>
      <View
        style={
          Object {
            "alignItems": "center",
            "flex": 80,
            "justifyContent": "center",
          }
        }
      >
        <TextInput
          multiline={true}
          onChangeText={[Function]}
          placeholder="Note (optional)"
          placeholderTextColor="#49494950"
          scrollEnabled={true}
          style={
            Array [
              Object {
                "backgroundColor": "#fff",
                "borderRadius": 10,
                "color": "#494949",
                "fontSize": 17,
                "fontWeight": "500",
                "height": 36,
                "paddingHorizontal": 5,
                "paddingRight": 12,
                "width": 200,
              },
              Object {
                "textAlign": "left",
              },
            ]
          }
          value=""
        />
      </View>
    </View>
    <View
      style={
        Object {
          "borderBottomColor": "#E9E9E9",
          "borderTopColor": "#E9E9E9",
          "borderTopWidth": 1,
          "flexDirection": "row",
          "height": 48,
          "paddingBottom": 4,
          "paddingLeft": 4,
          "paddingTop": 4,
        }
      }
    >
      <View
        style={
          Object {
            "flex": 22,
            "justifyContent": "center",
            "paddingLeft": 12,
          }
        }
      >
        <Text
          style={
            Object {
              "color": "#494949",
              "fontSize": 19,
              "fontWeight": "500",
            }
          }
        >
          Category
        </Text>
      </View>
      <View
        style={
          Object {
            "alignItems": "center",
            "borderBottomColor": "#FAB00E",
            "flex": 80,
            "justifyContent": "center",
          }
        }
      >
        <Text
          style={
            Array [
              Object {
                "fontSize": 18,
                "fontWeight": "500",
              },
              Object {
                "color": "",
              },
            ]
          }
        >
          
        </Text>
      </View>
    </View>
    <View
      style={
        Object {
          "alignItems": "center",
          "height": 280,
        }
      }
    >
      <RCTScrollView
        contentContainerStyle={
          Object {
            "alignSelf": "flex-start",
          }
        }
        data={Array []}
        getItem={[Function]}
        getItemCount={[Function]}
        keyExtractor={[Function]}
        onContentSizeChange={[Function]}
        onLayout={[Function]}
        onMomentumScrollBegin={[Function]}
        onMomentumScrollEnd={[Function]}
        onScroll={[Function]}
        onScrollBeginDrag={[Function]}
        onScrollEndDrag={[Function]}
        removeClippedSubviews={false}
        renderItem={[Function]}
        scrollEnabled={true}
        scrollEventThrottle={50}
        showsHorizontalScrollIndicator={false}
        showsVerticalScrollIndicator={true}
        stickyHeaderIndices={Array []}
        viewabilityConfigCallbackPairs={Array []}
      >
        <View />
      </RCTScrollView>
    </View>
    <View
      style={
        Array [
          Object {
            "borderBottomColor": "#E9E9E9",
            "borderTopColor": "#E9E9E9",
            "flexDirection": "row",
            "height": 48,
            "paddingBottom": 4,
            "paddingLeft": 4,
            "paddingTop": 4,
          },
          Object {
            "alignItems": "center",
            "justifyContent": "center",
          },
        ]
      }
    >
      <View
        accessible={true}
        collapsable={false}
        focusable={true}
        onClick={[Function]}
        onResponderGrant={[Function]}
        onResponderMove={[Function]}
        onResponderRelease={[Function]}
        onResponderTerminate={[Function]}
        onResponderTerminationRequest={[Function]}
        onStartShouldSetResponder={[Function]}
        style={
          Object {
            "alignItems": "center",
            "backgroundColor": "#35baf6",
            "borderRadius": 10,
            "flexDirection": "row",
            "height": 40,
            "justifyContent": "center",
            "opacity": 1,
            "padding": 5,
            "width": 200,
          }
        }
      >
        <Text
          style={
            Object {
              "color": "#fff",
              "fontSize": 18,
              "fontWeight": "500",
            }
          }
        >
          Submit
        </Text>
      </View>
    </View>
  </View>
</View>
`;
