// Jest Snapshot v1, https://goo.gl/fbAQLP

exports[`snapshot Stats 1`] = `
<View
  style={
    Object {
      "backgroundColor": "#fff",
      "flex": 1,
    }
  }
>
  <View
    style={
      Object {
        "alignItems": "center",
        "backgroundColor": "#cce9f6",
        "borderBottomColor": "#808080",
        "borderBottomLeftRadius": 20,
        "borderBottomRightRadius": 20,
        "borderBottomWidth": 0,
        "height": 62,
        "justifyContent": "flex-end",
        "paddingTop": 3,
        "shadowColor": "#35baf6",
        "shadowOffset": Object {
          "height": 1,
          "width": 0,
        },
        "shadowOpacity": 0.8,
        "shadowRadius": 3,
      }
    }
  >
    <Text
      style={
        Object {
          "color": "#35baf6",
          "fontSize": 34,
          "fontWeight": "bold",
          "marginBottom": 10,
        }
      }
    >
      Statistics
    </Text>
  </View>
  <RCTScrollView
    style={
      Object {
        "backgroundColor": "#fff",
      }
    }
  >
    <View>
      <View
        accessible={true}
        collapsable={false}
        focusable={true}
        onBlur={[Function]}
        onClick={[Function]}
        onFocus={[Function]}
        onResponderGrant={[Function]}
        onResponderMove={[Function]}
        onResponderRelease={[Function]}
        onResponderTerminate={[Function]}
        onResponderTerminationRequest={[Function]}
        onStartShouldSetResponder={[Function]}
      >
        <View
          style={
            Object {
              "backgroundColor": "#fff",
              "flex": 1,
            }
          }
        >
          <View
            style={
              Object {
                "alignItems": "center",
                "flexDirection": "row",
                "height": 55,
                "justifyContent": "center",
                "paddingLeft": 40,
                "paddingRight": 40,
              }
            }
          >
            <View
              style={
                Object {
                  "flex": 0.5,
                }
              }
            >
              <View
                accessible={true}
                collapsable={false}
                focusable={true}
                onClick={[Function]}
                onResponderGrant={[Function]}
                onResponderMove={[Function]}
                onResponderRelease={[Function]}
                onResponderTerminate={[Function]}
                onResponderTerminationRequest={[Function]}
                onStartShouldSetResponder={[Function]}
                style={
                  Object {
                    "alignItems": "center",
                    "backgroundColor": "#35baf6",
                    "borderBottomLeftRadius": 10,
                    "borderTopLeftRadius": 10,
                    "flexDirection": "row",
                    "height": 40,
                    "justifyContent": "center",
                    "opacity": 1,
                    "padding": 5,
                  }
                }
              >
                <Text
                  style={
                    Object {
                      "color": "#FFFAEB",
                      "fontSize": 15,
                      "fontWeight": "500",
                    }
                  }
                >
                  Monthly
                </Text>
              </View>
            </View>
            <View
              style={
                Object {
                  "flex": 0.5,
                }
              }
            >
              <View
                accessible={true}
                collapsable={false}
                focusable={true}
                onClick={[Function]}
                onResponderGrant={[Function]}
                onResponderMove={[Function]}
                onResponderRelease={[Function]}
                onResponderTerminate={[Function]}
                onResponderTerminationRequest={[Function]}
                onStartShouldSetResponder={[Function]}
                style={
                  Object {
                    "alignItems": "center",
                    "backgroundColor": "#ADD8E6",
                    "borderBottomRightRadius": 10,
                    "borderTopRightRadius": 10,
                    "flexDirection": "row",
                    "height": 40,
                    "justifyContent": "center",
                    "opacity": 1,
                    "padding": 5,
                  }
                }
              >
                <Text
                  style={
                    Object {
                      "color": "#FFFAEB",
                      "fontSize": 15,
                      "fontWeight": "500",
                    }
                  }
                >
                  Annually
                </Text>
              </View>
            </View>
          </View>
          <View>
            <View
              style={
                Object {
                  "borderBottomColor": "#E9E9E9",
                  "borderTopColor": "#E9E9E9",
                  "borderTopWidth": 1,
                  "flexDirection": "row",
                  "height": 48,
                  "paddingBottom": 7,
                  "paddingLeft": 4,
                  "paddingTop": 7,
                }
              }
            >
              <View
                style={
                  Object {
                    "flex": 20,
                    "justifyContent": "center",
                    "paddingLeft": 12,
                  }
                }
              >
                <Text
                  style={
                    Object {
                      "color": "#35baf6",
                      "fontSize": 19,
                      "fontWeight": "600",
                    }
                  }
                >
                  Month
                </Text>
              </View>
              <View
                style={
                  Object {
                    "alignItems": "center",
                    "flex": 15,
                    "justifyContent": "center",
                  }
                }
              >
                <View
                  accessible={true}
                  collapsable={false}
                  focusable={true}
                  onClick={[Function]}
                  onResponderGrant={[Function]}
                  onResponderMove={[Function]}
                  onResponderRelease={[Function]}
                  onResponderTerminate={[Function]}
                  onResponderTerminationRequest={[Function]}
                  onStartShouldSetResponder={[Function]}
                  style={
                    Object {
                      "opacity": 1,
                      "position": "absolute",
                    }
                  }
                >
                  <Text />
                </View>
              </View>
              <View
                style={
                  Object {
                    "alignItems": "center",
                    "backgroundColor": "#FDEE87",
                    "borderRadius": 10,
                    "flex": 55,
                    "justifyContent": "center",
                  }
                }
              >
                <View
                  accessible={true}
                  collapsable={false}
                  focusable={true}
                  onClick={[Function]}
                  onResponderGrant={[Function]}
                  onResponderMove={[Function]}
                  onResponderRelease={[Function]}
                  onResponderTerminate={[Function]}
                  onResponderTerminationRequest={[Function]}
                  onStartShouldSetResponder={[Function]}
                  style={
                    Object {
                      "opacity": 1,
                    }
                  }
                >
                  <View>
                    <Text
                      style={
                        Object {
                          "color": "#35baf6",
                          "fontSize": 19,
                          "fontWeight": "600",
                        }
                      }
                    >
                      2022-07
                    </Text>
                  </View>
                </View>
              </View>
              <View
                style={
                  Object {
                    "alignItems": "center",
                    "flex": 15,
                    "justifyContent": "center",
                  }
                }
              >
                <View
                  accessible={true}
                  collapsable={false}
                  focusable={true}
                  onClick={[Function]}
                  onResponderGrant={[Function]}
                  onResponderMove={[Function]}
                  onResponderRelease={[Function]}
                  onResponderTerminate={[Function]}
                  onResponderTerminationRequest={[Function]}
                  onStartShouldSetResponder={[Function]}
                  style={
                    Object {
                      "opacity": 1,
                      "position": "absolute",
                    }
                  }
                >
                  <Text />
                </View>
              </View>
            </View>
          </View>
        </View>
        <View>
          <View
            style={
              Object {
                "flexDirection": "row",
                "marginBottom": 10,
                "marginHorizontal": 10,
              }
            }
          >
            <View
              style={
                Array [
                  Object {
                    "alignItems": "center",
                    "borderRadius": 10,
                    "flex": 1,
                    "flexDirection": "row",
                    "height": 40,
                    "justifyContent": "center",
                    "marginBottom": 5,
                    "marginHorizontal": 4,
                    "shadowColor": "#999",
                    "shadowOffset": Object {
                      "height": 1,
                      "width": 0,
                    },
                    "shadowOpacity": 0.8,
                    "shadowRadius": 2,
                  },
                  Object {
                    "backgroundColor": "#e2f5e2",
                  },
                ]
              }
            >
              <Text
                style={
                  Object {
                    "color": "#26b522",
                    "fontSize": 14,
                    "fontWeight": "500",
                  }
                }
              >
                 Income: $0.00
              </Text>
            </View>
            <View
              style={
                Array [
                  Object {
                    "alignItems": "center",
                    "borderRadius": 10,
                    "flex": 1,
                    "flexDirection": "row",
                    "height": 40,
                    "justifyContent": "center",
                    "marginBottom": 5,
                    "marginHorizontal": 4,
                    "shadowColor": "#999",
                    "shadowOffset": Object {
                      "height": 1,
                      "width": 0,
                    },
                    "shadowOpacity": 0.8,
                    "shadowRadius": 2,
                  },
                  Object {
                    "backgroundColor": "#fdddcf",
                  },
                ]
              }
            >
              <Text
                style={
                  Object {
                    "color": "#ef5011",
                    "fontSize": 14,
                    "fontWeight": "500",
                  }
                }
              >
                 Expense: $0.00
              </Text>
            </View>
            <View
              style={
                Array [
                  Object {
                    "alignItems": "center",
                    "borderRadius": 10,
                    "flex": 1,
                    "flexDirection": "row",
                    "height": 40,
                    "justifyContent": "center",
                    "marginBottom": 5,
                    "marginHorizontal": 4,
                    "shadowColor": "#999",
                    "shadowOffset": Object {
                      "height": 1,
                      "width": 0,
                    },
                    "shadowOpacity": 0.8,
                    "shadowRadius": 2,
                  },
                  Object {
                    "backgroundColor": "#e6e6e6",
                  },
                ]
              }
            >
              <Text
                style={
                  Object {
                    "color": "#494949",
                    "fontSize": 14,
                    "fontWeight": "500",
                  }
                }
              >
                 Balance: $0.00
              </Text>
            </View>
          </View>
        </View>
      </View>
      <View
        style={
          Object {
            "alignItems": "center",
            "flexDirection": "row",
            "height": 55,
            "justifyContent": "center",
            "paddingLeft": 40,
            "paddingRight": 40,
          }
        }
      >
        <View
          style={
            Object {
              "flex": 0.5,
            }
          }
        >
          <View
            accessible={true}
            collapsable={false}
            focusable={true}
            onClick={[Function]}
            onResponderGrant={[Function]}
            onResponderMove={[Function]}
            onResponderRelease={[Function]}
            onResponderTerminate={[Function]}
            onResponderTerminationRequest={[Function]}
            onStartShouldSetResponder={[Function]}
            style={
              Object {
                "alignItems": "center",
                "backgroundColor": "#35baf6",
                "borderBottomLeftRadius": 10,
                "borderTopLeftRadius": 10,
                "flexDirection": "row",
                "height": 40,
                "justifyContent": "center",
                "opacity": 1,
                "padding": 5,
              }
            }
          >
            <Text
              style={
                Object {
                  "color": "#FFFAEB",
                  "fontSize": 15,
                  "fontWeight": "500",
                }
              }
            >
              Expense
            </Text>
          </View>
        </View>
        <View
          style={
            Object {
              "flex": 0.5,
            }
          }
        >
          <View
            accessible={true}
            collapsable={false}
            focusable={true}
            onClick={[Function]}
            onResponderGrant={[Function]}
            onResponderMove={[Function]}
            onResponderRelease={[Function]}
            onResponderTerminate={[Function]}
            onResponderTerminationRequest={[Function]}
            onStartShouldSetResponder={[Function]}
            style={
              Object {
                "alignItems": "center",
                "backgroundColor": "#ADD8E6",
                "borderBottomRightRadius": 10,
                "borderTopRightRadius": 10,
                "flexDirection": "row",
                "height": 40,
                "justifyContent": "center",
                "opacity": 1,
                "padding": 5,
              }
            }
          >
            <Text
              style={
                Object {
                  "color": "#FFFAEB",
                  "fontSize": 15,
                  "fontWeight": "500",
                }
              }
            >
              Income
            </Text>
          </View>
        </View>
      </View>
      <View
        style={
          Object {
            "alignItems": "center",
          }
        }
      >
        <View
          style={
            Object {
              "height": 210,
              "width": 210,
            }
          }
        >
          <View
            style={
              Object {
                "position": "absolute",
              }
            }
          >
            <View
              style={
                Array [
                  Object {
                    "backgroundColor": "transparent",
                    "height": 200,
                    "overflow": "hidden",
                    "width": 200,
                  },
                  undefined,
                ]
              }
            >
              <RNSVGSvgView
                align="xMidYMid"
                bbHeight={200}
                bbWidth={200}
                focusable={false}
                height={200}
                meetOrSlice={0}
                minX={0}
                minY={0}
                style={
                  Array [
                    Object {
                      "backgroundColor": "transparent",
                      "borderWidth": 0,
                    },
                    Object {
                      "flex": 0,
                      "height": 200,
                      "width": 200,
                    },
                  ]
                }
                vbHeight={200}
                vbWidth={200}
                width={200}
              >
                <RNSVGGroup>
                  <RNSVGDefs />
                </RNSVGGroup>
              </RNSVGSvgView>
              <View
                style={
                  Array [
                    Object {
                      "alignItems": "center",
                      "alignSelf": "center",
                      "backgroundColor": "white",
                      "borderColor": "lightgray",
                      "borderRadius": 40,
                      "borderWidth": 0,
                      "height": 80,
                      "justifyContent": "center",
                      "left": 60,
                      "position": "absolute",
                      "top": 60,
                      "width": 80,
                      "zIndex": 100,
                    },
                    undefined,
                    false,
                  ]
                }
              >
                <View
                  style={
                    Object {
                      "marginTop": 0,
                    }
                  }
                >
                  <View>
                    <Text
                      style={
                        Array [
                          Object {
                            "alignSelf": "center",
                            "justifyContent": "center",
                          },
                          Object {
                            "color": undefined,
                          },
                        ]
                      }
                    >
                      
                    </Text>
                    <Text
                      style={
                        Array [
                          Object {
                            "alignSelf": "center",
                            "justifyContent": "center",
                          },
                          Object {
                            "color": undefined,
                          },
                        ]
                      }
                    >
                      
                    </Text>
                    <Text
                      style={
                        Array [
                          Object {
                            "alignSelf": "center",
                            "justifyContent": "center",
                          },
                          Object {
                            "color": undefined,
                          },
                        ]
                      }
                    >
                      
                    </Text>
                  </View>
                </View>
              </View>
            </View>
          </View>
        </View>
      </View>
    </View>
  </RCTScrollView>
</View>
`;
